XXXXXXXXXXXXXXXXXXXXXXXXXXXXXXXXXXXXXXXXXXXX 
Nodelist =  hgpn06
Number of nodes =  1
Ntasks per node =  1
Cpus per task =  24
Master = 172.21.100.16 13162
srun bash /home/paslab504llm/ntu_paslab_llm/merlin/slurm/run.sh
XXXXXXXXXXXXXXXXXXXXXXXXXXXXXXXXXXXXXXXXXXXXX 
/home/paslab504llm/ntu_paslab_llm/merlin/.venv/bin/python
N_PROMPTS: 32, BATCH_SIZE: 1
[rank0]:[W605 14:35:06.778068172 CUDAGraph.cpp:137] Warning: Waiting for pending NCCL work to finish before starting graph capture. (function operator())
====================
PERFORMANCE BREAKDOWN

PROMPT EVALUATION:
token count: 136
total time in sec(s): 0.04
throughput: 3062.60 t/s
TOKEN GENERATION:
token count: 127
total time in sec(s): 1.70
throughput: 74.86 t/s
[rank1]:[W605 14:35:13.662740486 CUDAGraph.cpp:137] Warning: Waiting for pending NCCL work to finish before starting graph capture. (function operator())
====================
PERFORMANCE BREAKDOWN

PROMPT EVALUATION:
token count: 136
total time in sec(s): 0.03
throughput: 3946.57 t/s
TOKEN GENERATION:
token count: 127
total time in sec(s): 1.70
throughput: 74.81 t/s
====================
PERFORMANCE BREAKDOWN

PROMPT EVALUATION:
token count: 136
total time in sec(s): 0.03
throughput: 3940.16 t/s
TOKEN GENERATION:
token count: 107
total time in sec(s): 1.43
throughput: 75.01 t/s
====================
PERFORMANCE BREAKDOWN

PROMPT EVALUATION:
token count: 136
total time in sec(s): 0.03
throughput: 3947.39 t/s
TOKEN GENERATION:
token count: 60
total time in sec(s): 0.80
throughput: 74.96 t/s
====================
PERFORMANCE BREAKDOWN

PROMPT EVALUATION:
token count: 136
total time in sec(s): 0.03
throughput: 3957.14 t/s
TOKEN GENERATION:
token count: 45
total time in sec(s): 0.60
throughput: 74.82 t/s
====================
PERFORMANCE BREAKDOWN

PROMPT EVALUATION:
token count: 136
total time in sec(s): 0.03
throughput: 3947.17 t/s
TOKEN GENERATION:
token count: 127
total time in sec(s): 1.70
throughput: 74.88 t/s
====================
PERFORMANCE BREAKDOWN

PROMPT EVALUATION:
token count: 136
total time in sec(s): 0.03
throughput: 3964.29 t/s
TOKEN GENERATION:
token count: 110
total time in sec(s): 1.47
throughput: 74.83 t/s
====================
PERFORMANCE BREAKDOWN

PROMPT EVALUATION:
token count: 136
total time in sec(s): 0.03
throughput: 3954.89 t/s
TOKEN GENERATION:
token count: 127
total time in sec(s): 1.70
throughput: 74.90 t/s
====================
PERFORMANCE BREAKDOWN

PROMPT EVALUATION:
token count: 136
total time in sec(s): 0.03
throughput: 3957.66 t/s
TOKEN GENERATION:
token count: 127
total time in sec(s): 1.70
throughput: 74.86 t/s
====================
PERFORMANCE BREAKDOWN

PROMPT EVALUATION:
token count: 136
total time in sec(s): 0.03
throughput: 3957.08 t/s
TOKEN GENERATION:
token count: 91
total time in sec(s): 1.22
throughput: 74.88 t/s
====================
PERFORMANCE BREAKDOWN

PROMPT EVALUATION:
token count: 136
total time in sec(s): 0.03
throughput: 3958.26 t/s
TOKEN GENERATION:
token count: 57
total time in sec(s): 0.76
throughput: 74.82 t/s
====================
PERFORMANCE BREAKDOWN

PROMPT EVALUATION:
token count: 136
total time in sec(s): 0.03
throughput: 3941.17 t/s
TOKEN GENERATION:
token count: 127
total time in sec(s): 1.70
throughput: 74.86 t/s
====================
PERFORMANCE BREAKDOWN

PROMPT EVALUATION:
token count: 136
total time in sec(s): 0.03
throughput: 3957.63 t/s
TOKEN GENERATION:
token count: 127
total time in sec(s): 1.70
throughput: 74.81 t/s
====================
PERFORMANCE BREAKDOWN

PROMPT EVALUATION:
token count: 136
total time in sec(s): 0.03
throughput: 3953.11 t/s
TOKEN GENERATION:
token count: 40
total time in sec(s): 0.53
throughput: 74.84 t/s
====================
PERFORMANCE BREAKDOWN

PROMPT EVALUATION:
token count: 136
total time in sec(s): 0.03
throughput: 3959.03 t/s
TOKEN GENERATION:
token count: 127
total time in sec(s): 1.70
throughput: 74.90 t/s
====================
PERFORMANCE BREAKDOWN

PROMPT EVALUATION:
token count: 136
total time in sec(s): 0.03
throughput: 3947.69 t/s
TOKEN GENERATION:
token count: 0
total time in sec(s): 0.00
====================
PERFORMANCE BREAKDOWN

PROMPT EVALUATION:
token count: 136
total time in sec(s): 0.03
throughput: 3951.13 t/s
TOKEN GENERATION:
token count: 127
total time in sec(s): 1.70
throughput: 74.75 t/s
====================
PERFORMANCE BREAKDOWN

PROMPT EVALUATION:
token count: 136
total time in sec(s): 0.03
throughput: 3954.70 t/s
TOKEN GENERATION:
token count: 48
total time in sec(s): 0.64
throughput: 74.96 t/s
====================
PERFORMANCE BREAKDOWN

PROMPT EVALUATION:
token count: 136
total time in sec(s): 0.03
throughput: 3952.89 t/s
TOKEN GENERATION:
token count: 118
total time in sec(s): 1.58
throughput: 74.84 t/s
====================
PERFORMANCE BREAKDOWN

PROMPT EVALUATION:
token count: 136
total time in sec(s): 0.03
throughput: 3964.73 t/s
TOKEN GENERATION:
token count: 80
total time in sec(s): 1.07
throughput: 75.06 t/s
====================
PERFORMANCE BREAKDOWN

PROMPT EVALUATION:
token count: 136
total time in sec(s): 0.03
throughput: 3959.44 t/s
TOKEN GENERATION:
token count: 114
total time in sec(s): 1.52
throughput: 74.92 t/s
====================
PERFORMANCE BREAKDOWN

PROMPT EVALUATION:
token count: 136
total time in sec(s): 0.03
throughput: 3957.52 t/s
TOKEN GENERATION:
token count: 122
total time in sec(s): 1.63
throughput: 74.91 t/s
====================
PERFORMANCE BREAKDOWN

PROMPT EVALUATION:
token count: 136
total time in sec(s): 0.03
throughput: 3964.23 t/s
TOKEN GENERATION:
token count: 45
total time in sec(s): 0.60
throughput: 74.82 t/s
====================
PERFORMANCE BREAKDOWN

PROMPT EVALUATION:
token count: 136
total time in sec(s): 0.03
throughput: 3957.71 t/s
TOKEN GENERATION:
token count: 127
total time in sec(s): 1.69
throughput: 75.01 t/s
====================
PERFORMANCE BREAKDOWN

PROMPT EVALUATION:
token count: 136
total time in sec(s): 0.03
throughput: 3942.26 t/s
TOKEN GENERATION:
token count: 127
total time in sec(s): 1.70
throughput: 74.82 t/s
====================
PERFORMANCE BREAKDOWN

PROMPT EVALUATION:
token count: 136
total time in sec(s): 0.03
throughput: 3965.22 t/s
TOKEN GENERATION:
token count: 127
total time in sec(s): 1.70
throughput: 74.90 t/s
====================
PERFORMANCE BREAKDOWN

PROMPT EVALUATION:
token count: 136
total time in sec(s): 0.03
throughput: 3961.01 t/s
TOKEN GENERATION:
token count: 127
total time in sec(s): 1.70
throughput: 74.71 t/s
====================
PERFORMANCE BREAKDOWN

PROMPT EVALUATION:
token count: 136
total time in sec(s): 0.03
throughput: 3944.60 t/s
TOKEN GENERATION:
token count: 127
total time in sec(s): 1.71
throughput: 74.40 t/s
====================
PERFORMANCE BREAKDOWN

PROMPT EVALUATION:
token count: 136
total time in sec(s): 0.03
throughput: 3926.41 t/s
TOKEN GENERATION:
token count: 127
total time in sec(s): 1.71
throughput: 74.44 t/s
====================
PERFORMANCE BREAKDOWN

PROMPT EVALUATION:
token count: 136
total time in sec(s): 0.03
throughput: 3924.90 t/s
TOKEN GENERATION:
token count: 123
total time in sec(s): 1.66
throughput: 74.24 t/s
====================
PERFORMANCE BREAKDOWN

PROMPT EVALUATION:
token count: 136
total time in sec(s): 0.03
throughput: 3940.82 t/s
TOKEN GENERATION:
token count: 127
total time in sec(s): 1.71
throughput: 74.19 t/s
====================
PERFORMANCE BREAKDOWN

PROMPT EVALUATION:
token count: 136
total time in sec(s): 0.03
throughput: 3929.31 t/s
TOKEN GENERATION:
token count: 40
total time in sec(s): 0.54
throughput: 74.18 t/s
====================
RUN STATISTICS
avg prefill throughput: 3949.37 t/s
avg decode throughput: 74.74 t/s
[rank0]:[W605 14:39:09.794086393 ProcessGroupNCCL.cpp:1250] Warning: WARNING: process group has NOT been destroyed before we destruct ProcessGroupNCCL. On normal program exit, the application should call destroy_process_group to ensure that any pending NCCL operations have finished in this process. In rare cases this process can exit before this point and block the progress of another member of the process group. This constraint has always been present,  but this warning has only been added since PyTorch 2.4 (function operator())
N_PROMPTS: 64, BATCH_SIZE: 2
[rank0]:[W605 14:39:30.739439216 CUDAGraph.cpp:137] Warning: Waiting for pending NCCL work to finish before starting graph capture. (function operator())
[rank1]:[W605 14:39:30.739515650 CUDAGraph.cpp:137] Warning: Waiting for pending NCCL work to finish before starting graph capture. (function operator())
====================
PERFORMANCE BREAKDOWN

PROMPT EVALUATION:
token count: 272
total time in sec(s): 0.04
throughput: 7081.63 t/s
TOKEN GENERATION:
token count: 254
total time in sec(s): 2.27
throughput: 112.05 t/s
====================
PERFORMANCE BREAKDOWN

PROMPT EVALUATION:
token count: 272
total time in sec(s): 0.04
throughput: 7243.68 t/s
TOKEN GENERATION:
token count: 214
total time in sec(s): 1.90
throughput: 112.59 t/s
====================
PERFORMANCE BREAKDOWN

PROMPT EVALUATION:
token count: 272
total time in sec(s): 0.04
throughput: 7264.95 t/s
TOKEN GENERATION:
token count: 254
total time in sec(s): 2.27
throughput: 111.95 t/s
====================
PERFORMANCE BREAKDOWN

PROMPT EVALUATION:
token count: 272
total time in sec(s): 0.04
throughput: 7232.15 t/s
TOKEN GENERATION:
token count: 254
total time in sec(s): 2.28
throughput: 111.56 t/s
====================
PERFORMANCE BREAKDOWN

PROMPT EVALUATION:
token count: 272
total time in sec(s): 0.04
throughput: 7259.35 t/s
TOKEN GENERATION:
token count: 234
total time in sec(s): 2.09
throughput: 112.19 t/s
====================
PERFORMANCE BREAKDOWN

PROMPT EVALUATION:
token count: 272
total time in sec(s): 0.04
throughput: 7223.04 t/s
TOKEN GENERATION:
token count: 254
total time in sec(s): 2.26
throughput: 112.36 t/s
====================
PERFORMANCE BREAKDOWN

PROMPT EVALUATION:
token count: 272
total time in sec(s): 0.04
throughput: 7218.56 t/s
TOKEN GENERATION:
token count: 254
total time in sec(s): 2.27
throughput: 111.96 t/s
====================
PERFORMANCE BREAKDOWN

PROMPT EVALUATION:
token count: 272
total time in sec(s): 0.04
throughput: 7222.72 t/s
TOKEN GENERATION:
token count: 254
total time in sec(s): 2.25
throughput: 113.01 t/s
====================
PERFORMANCE BREAKDOWN

PROMPT EVALUATION:
token count: 272
total time in sec(s): 0.04
throughput: 7228.40 t/s
TOKEN GENERATION:
token count: 222
total time in sec(s): 1.96
throughput: 112.98 t/s
====================
PERFORMANCE BREAKDOWN

PROMPT EVALUATION:
token count: 272
total time in sec(s): 0.04
throughput: 7222.77 t/s
TOKEN GENERATION:
token count: 254
total time in sec(s): 2.27
throughput: 111.92 t/s
====================
PERFORMANCE BREAKDOWN

PROMPT EVALUATION:
token count: 272
total time in sec(s): 0.04
throughput: 7230.41 t/s
TOKEN GENERATION:
token count: 244
total time in sec(s): 2.18
throughput: 111.96 t/s
====================
PERFORMANCE BREAKDOWN

PROMPT EVALUATION:
token count: 272
total time in sec(s): 0.04
throughput: 7217.56 t/s
TOKEN GENERATION:
token count: 254
total time in sec(s): 2.26
throughput: 112.18 t/s
====================
PERFORMANCE BREAKDOWN

PROMPT EVALUATION:
token count: 272
total time in sec(s): 0.04
throughput: 7242.85 t/s
TOKEN GENERATION:
token count: 254
total time in sec(s): 2.26
throughput: 112.32 t/s
====================
PERFORMANCE BREAKDOWN

PROMPT EVALUATION:
token count: 272
total time in sec(s): 0.04
throughput: 7229.82 t/s
TOKEN GENERATION:
token count: 254
total time in sec(s): 2.28
throughput: 111.52 t/s
====================
PERFORMANCE BREAKDOWN

PROMPT EVALUATION:
token count: 272
total time in sec(s): 0.04
throughput: 7248.14 t/s
TOKEN GENERATION:
token count: 254
total time in sec(s): 2.26
throughput: 112.29 t/s
====================
PERFORMANCE BREAKDOWN

PROMPT EVALUATION:
token count: 272
total time in sec(s): 0.04
throughput: 7256.26 t/s
TOKEN GENERATION:
token count: 254
total time in sec(s): 2.27
throughput: 112.03 t/s
====================
PERFORMANCE BREAKDOWN

PROMPT EVALUATION:
token count: 272
total time in sec(s): 0.04
throughput: 7247.96 t/s
TOKEN GENERATION:
token count: 254
total time in sec(s): 2.27
throughput: 111.73 t/s
====================
PERFORMANCE BREAKDOWN

PROMPT EVALUATION:
token count: 272
total time in sec(s): 0.04
throughput: 7222.77 t/s
TOKEN GENERATION:
token count: 208
total time in sec(s): 1.85
throughput: 112.24 t/s
====================
PERFORMANCE BREAKDOWN

PROMPT EVALUATION:
token count: 272
total time in sec(s): 0.04
throughput: 7228.26 t/s
TOKEN GENERATION:
token count: 254
total time in sec(s): 2.27
throughput: 112.08 t/s
====================
PERFORMANCE BREAKDOWN

PROMPT EVALUATION:
token count: 272
total time in sec(s): 0.04
throughput: 7228.49 t/s
TOKEN GENERATION:
token count: 240
total time in sec(s): 2.14
throughput: 111.99 t/s
====================
PERFORMANCE BREAKDOWN

PROMPT EVALUATION:
token count: 272
total time in sec(s): 0.04
throughput: 7224.96 t/s
TOKEN GENERATION:
token count: 254
total time in sec(s): 2.28
throughput: 111.50 t/s
====================
PERFORMANCE BREAKDOWN

PROMPT EVALUATION:
token count: 272
total time in sec(s): 0.04
throughput: 7236.33 t/s
TOKEN GENERATION:
token count: 254
total time in sec(s): 2.27
throughput: 111.67 t/s
====================
PERFORMANCE BREAKDOWN

PROMPT EVALUATION:
token count: 272
total time in sec(s): 0.04
throughput: 7206.71 t/s
TOKEN GENERATION:
token count: 254
total time in sec(s): 2.26
throughput: 112.22 t/s
====================
PERFORMANCE BREAKDOWN

PROMPT EVALUATION:
token count: 272
total time in sec(s): 0.04
throughput: 7215.96 t/s
TOKEN GENERATION:
token count: 254
total time in sec(s): 2.27
throughput: 111.78 t/s
====================
PERFORMANCE BREAKDOWN

PROMPT EVALUATION:
token count: 272
total time in sec(s): 0.04
throughput: 7230.18 t/s
TOKEN GENERATION:
token count: 254
total time in sec(s): 2.27
throughput: 111.86 t/s
====================
PERFORMANCE BREAKDOWN

PROMPT EVALUATION:
token count: 272
total time in sec(s): 0.04
throughput: 7223.59 t/s
TOKEN GENERATION:
token count: 254
total time in sec(s): 2.27
throughput: 111.93 t/s
====================
PERFORMANCE BREAKDOWN

PROMPT EVALUATION:
token count: 272
total time in sec(s): 0.04
throughput: 7220.48 t/s
TOKEN GENERATION:
token count: 248
total time in sec(s): 2.21
throughput: 112.46 t/s
====================
PERFORMANCE BREAKDOWN

PROMPT EVALUATION:
token count: 272
total time in sec(s): 0.04
throughput: 7229.82 t/s
TOKEN GENERATION:
token count: 222
total time in sec(s): 1.98
throughput: 112.19 t/s
====================
PERFORMANCE BREAKDOWN

PROMPT EVALUATION:
token count: 272
total time in sec(s): 0.04
throughput: 7263.19 t/s
TOKEN GENERATION:
token count: 254
total time in sec(s): 2.27
throughput: 111.78 t/s
====================
PERFORMANCE BREAKDOWN

PROMPT EVALUATION:
token count: 272
total time in sec(s): 0.04
throughput: 7226.84 t/s
TOKEN GENERATION:
token count: 254
total time in sec(s): 2.26
throughput: 112.22 t/s
====================
PERFORMANCE BREAKDOWN

PROMPT EVALUATION:
token count: 272
total time in sec(s): 0.04
throughput: 7215.69 t/s
TOKEN GENERATION:
token count: 254
total time in sec(s): 2.27
throughput: 111.68 t/s
====================
PERFORMANCE BREAKDOWN

PROMPT EVALUATION:
token count: 272
total time in sec(s): 0.04
throughput: 7217.47 t/s
TOKEN GENERATION:
token count: 228
total time in sec(s): 2.04
throughput: 111.86 t/s
====================
RUN STATISTICS
avg prefill throughput: 7232.20 t/s
avg decode throughput: 112.01 t/s
[rank0]:[W605 14:44:04.824169588 ProcessGroupNCCL.cpp:1250] Warning: WARNING: process group has NOT been destroyed before we destruct ProcessGroupNCCL. On normal program exit, the application should call destroy_process_group to ensure that any pending NCCL operations have finished in this process. In rare cases this process can exit before this point and block the progress of another member of the process group. This constraint has always been present,  but this warning has only been added since PyTorch 2.4 (function operator())
N_PROMPTS: 128, BATCH_SIZE: 4
====================
PERFORMANCE BREAKDOWN

PROMPT EVALUATION:
token count: 544
total time in sec(s): 0.04
throughput: 12212.71 t/s
TOKEN GENERATION:
token count: 508
total time in sec(s): 3.01
throughput: 168.73 t/s
[rank0]:[W605 14:44:32.946034011 CUDAGraph.cpp:137] Warning: Waiting for pending NCCL work to finish before starting graph capture. (function operator())
[rank1]:[W605 14:44:32.951700341 CUDAGraph.cpp:137] Warning: Waiting for pending NCCL work to finish before starting graph capture. (function operator())
====================
PERFORMANCE BREAKDOWN

PROMPT EVALUATION:
token count: 544
total time in sec(s): 0.04
throughput: 12465.11 t/s
TOKEN GENERATION:
token count: 508
total time in sec(s): 3.01
throughput: 168.72 t/s
====================
PERFORMANCE BREAKDOWN

PROMPT EVALUATION:
token count: 544
total time in sec(s): 0.04
throughput: 12515.92 t/s
TOKEN GENERATION:
token count: 508
total time in sec(s): 2.99
throughput: 169.87 t/s
====================
PERFORMANCE BREAKDOWN

PROMPT EVALUATION:
token count: 544
total time in sec(s): 0.04
throughput: 12542.89 t/s
TOKEN GENERATION:
token count: 508
total time in sec(s): 3.01
throughput: 168.77 t/s
====================
PERFORMANCE BREAKDOWN

PROMPT EVALUATION:
token count: 544
total time in sec(s): 0.04
throughput: 12472.40 t/s
TOKEN GENERATION:
token count: 508
total time in sec(s): 3.00
throughput: 169.25 t/s
====================
PERFORMANCE BREAKDOWN

PROMPT EVALUATION:
token count: 544
total time in sec(s): 0.04
throughput: 12515.43 t/s
TOKEN GENERATION:
token count: 508
total time in sec(s): 3.01
throughput: 168.88 t/s
====================
PERFORMANCE BREAKDOWN

PROMPT EVALUATION:
token count: 544
total time in sec(s): 0.04
throughput: 12497.13 t/s
TOKEN GENERATION:
token count: 508
total time in sec(s): 2.99
throughput: 169.71 t/s
====================
PERFORMANCE BREAKDOWN

PROMPT EVALUATION:
token count: 544
total time in sec(s): 0.04
throughput: 12542.89 t/s
TOKEN GENERATION:
token count: 508
total time in sec(s): 2.99
throughput: 169.84 t/s
====================
PERFORMANCE BREAKDOWN

PROMPT EVALUATION:
token count: 544
total time in sec(s): 0.04
throughput: 12492.89 t/s
TOKEN GENERATION:
token count: 508
total time in sec(s): 3.01
throughput: 169.04 t/s
====================
PERFORMANCE BREAKDOWN

PROMPT EVALUATION:
token count: 544
total time in sec(s): 0.04
throughput: 12486.53 t/s
TOKEN GENERATION:
token count: 508
total time in sec(s): 2.99
throughput: 169.62 t/s
====================
PERFORMANCE BREAKDOWN

PROMPT EVALUATION:
token count: 544
total time in sec(s): 0.04
throughput: 12577.18 t/s
TOKEN GENERATION:
token count: 508
total time in sec(s): 3.00
throughput: 169.27 t/s
====================
PERFORMANCE BREAKDOWN

PROMPT EVALUATION:
token count: 544
total time in sec(s): 0.04
throughput: 12530.97 t/s
TOKEN GENERATION:
token count: 508
total time in sec(s): 2.99
throughput: 169.90 t/s
====================
PERFORMANCE BREAKDOWN

PROMPT EVALUATION:
token count: 544
total time in sec(s): 0.04
throughput: 12566.79 t/s
TOKEN GENERATION:
token count: 508
total time in sec(s): 3.00
throughput: 169.36 t/s
====================
PERFORMANCE BREAKDOWN

PROMPT EVALUATION:
token count: 544
total time in sec(s): 0.04
throughput: 12591.68 t/s
TOKEN GENERATION:
token count: 508
total time in sec(s): 3.01
throughput: 168.99 t/s
====================
PERFORMANCE BREAKDOWN

PROMPT EVALUATION:
token count: 544
total time in sec(s): 0.04
throughput: 12500.97 t/s
TOKEN GENERATION:
token count: 508
total time in sec(s): 3.00
throughput: 169.17 t/s
====================
PERFORMANCE BREAKDOWN

PROMPT EVALUATION:
token count: 544
total time in sec(s): 0.04
throughput: 12497.20 t/s
TOKEN GENERATION:
token count: 508
total time in sec(s): 3.00
throughput: 169.37 t/s
====================
PERFORMANCE BREAKDOWN

PROMPT EVALUATION:
token count: 544
total time in sec(s): 0.04
throughput: 12529.59 t/s
TOKEN GENERATION:
token count: 508
total time in sec(s): 3.00
throughput: 169.46 t/s
====================
PERFORMANCE BREAKDOWN

PROMPT EVALUATION:
token count: 544
total time in sec(s): 0.04
throughput: 12524.64 t/s
TOKEN GENERATION:
token count: 508
total time in sec(s): 3.01
throughput: 168.68 t/s
====================
PERFORMANCE BREAKDOWN

PROMPT EVALUATION:
token count: 544
total time in sec(s): 0.04
throughput: 12509.67 t/s
TOKEN GENERATION:
token count: 508
total time in sec(s): 2.99
throughput: 169.82 t/s
====================
PERFORMANCE BREAKDOWN

PROMPT EVALUATION:
token count: 544
total time in sec(s): 0.04
throughput: 12589.60 t/s
TOKEN GENERATION:
token count: 508
total time in sec(s): 3.00
throughput: 169.33 t/s
====================
PERFORMANCE BREAKDOWN

PROMPT EVALUATION:
token count: 544
total time in sec(s): 0.04
throughput: 12544.26 t/s
TOKEN GENERATION:
token count: 388
total time in sec(s): 2.28
throughput: 170.07 t/s
====================
PERFORMANCE BREAKDOWN

PROMPT EVALUATION:
token count: 544
total time in sec(s): 0.04
throughput: 12454.57 t/s
TOKEN GENERATION:
token count: 508
total time in sec(s): 3.01
throughput: 169.03 t/s
====================
PERFORMANCE BREAKDOWN

PROMPT EVALUATION:
token count: 544
total time in sec(s): 0.04
throughput: 12513.51 t/s
TOKEN GENERATION:
token count: 508
total time in sec(s): 3.00
throughput: 169.54 t/s
====================
PERFORMANCE BREAKDOWN

PROMPT EVALUATION:
token count: 544
total time in sec(s): 0.04
throughput: 12515.85 t/s
TOKEN GENERATION:
token count: 508
total time in sec(s): 3.00
throughput: 169.09 t/s
====================
PERFORMANCE BREAKDOWN

PROMPT EVALUATION:
token count: 544
total time in sec(s): 0.04
throughput: 12495.28 t/s
TOKEN GENERATION:
token count: 508
total time in sec(s): 2.98
throughput: 170.34 t/s
====================
PERFORMANCE BREAKDOWN

PROMPT EVALUATION:
token count: 544
total time in sec(s): 0.04
throughput: 12548.20 t/s
TOKEN GENERATION:
token count: 508
total time in sec(s): 2.99
throughput: 169.79 t/s
====================
PERFORMANCE BREAKDOWN

PROMPT EVALUATION:
token count: 544
total time in sec(s): 0.04
throughput: 12554.41 t/s
TOKEN GENERATION:
token count: 508
total time in sec(s): 2.99
throughput: 169.87 t/s
====================
PERFORMANCE BREAKDOWN

PROMPT EVALUATION:
token count: 544
total time in sec(s): 0.04
throughput: 12517.29 t/s
TOKEN GENERATION:
token count: 508
total time in sec(s): 2.99
throughput: 170.13 t/s
====================
PERFORMANCE BREAKDOWN

PROMPT EVALUATION:
token count: 544
total time in sec(s): 0.04
throughput: 12545.44 t/s
TOKEN GENERATION:
token count: 508
total time in sec(s): 2.99
throughput: 170.07 t/s
====================
PERFORMANCE BREAKDOWN

PROMPT EVALUATION:
token count: 544
total time in sec(s): 0.04
throughput: 12550.75 t/s
TOKEN GENERATION:
token count: 508
total time in sec(s): 2.97
throughput: 170.90 t/s
====================
PERFORMANCE BREAKDOWN

PROMPT EVALUATION:
token count: 544
total time in sec(s): 0.04
throughput: 12497.68 t/s
TOKEN GENERATION:
token count: 508
total time in sec(s): 3.02
throughput: 168.24 t/s
====================
PERFORMANCE BREAKDOWN

PROMPT EVALUATION:
token count: 544
total time in sec(s): 0.04
throughput: 12523.40 t/s
TOKEN GENERATION:
token count: 508
total time in sec(s): 3.00
throughput: 169.25 t/s
====================
RUN STATISTICS
avg prefill throughput: 12522.20 t/s
avg decode throughput: 169.44 t/s
[rank0]:[W605 14:49:31.817752004 ProcessGroupNCCL.cpp:1250] Warning: WARNING: process group has NOT been destroyed before we destruct ProcessGroupNCCL. On normal program exit, the application should call destroy_process_group to ensure that any pending NCCL operations have finished in this process. In rare cases this process can exit before this point and block the progress of another member of the process group. This constraint has always been present,  but this warning has only been added since PyTorch 2.4 (function operator())
N_PROMPTS: 256, BATCH_SIZE: 8
====================
PERFORMANCE BREAKDOWN

PROMPT EVALUATION:
token count: 1088
total time in sec(s): 0.06
throughput: 17522.70 t/s
TOKEN GENERATION:
token count: 1016
total time in sec(s): 3.72
throughput: 273.39 t/s
[rank1]:[W605 14:50:00.042652706 CUDAGraph.cpp:137] Warning: Waiting for pending NCCL work to finish before starting graph capture. (function operator())
[rank0]:[W605 14:50:00.043332323 CUDAGraph.cpp:137] Warning: Waiting for pending NCCL work to finish before starting graph capture. (function operator())
====================
PERFORMANCE BREAKDOWN

PROMPT EVALUATION:
token count: 1088
total time in sec(s): 0.06
throughput: 17736.28 t/s
TOKEN GENERATION:
token count: 1016
total time in sec(s): 3.71
throughput: 273.57 t/s
====================
PERFORMANCE BREAKDOWN

PROMPT EVALUATION:
token count: 1088
total time in sec(s): 0.06
throughput: 17808.05 t/s
TOKEN GENERATION:
token count: 1016
total time in sec(s): 3.72
throughput: 273.36 t/s
====================
PERFORMANCE BREAKDOWN

PROMPT EVALUATION:
token count: 1088
total time in sec(s): 0.06
throughput: 17788.27 t/s
TOKEN GENERATION:
token count: 1016
total time in sec(s): 3.71
throughput: 273.84 t/s
====================
PERFORMANCE BREAKDOWN

PROMPT EVALUATION:
token count: 1088
total time in sec(s): 0.06
throughput: 17824.96 t/s
TOKEN GENERATION:
token count: 1016
total time in sec(s): 3.71
throughput: 273.75 t/s
====================
PERFORMANCE BREAKDOWN

PROMPT EVALUATION:
token count: 1088
total time in sec(s): 0.06
throughput: 17754.43 t/s
TOKEN GENERATION:
token count: 1016
total time in sec(s): 3.73
throughput: 272.51 t/s
====================
PERFORMANCE BREAKDOWN

PROMPT EVALUATION:
token count: 1088
total time in sec(s): 0.06
throughput: 17747.66 t/s
TOKEN GENERATION:
token count: 1016
total time in sec(s): 3.70
throughput: 274.45 t/s
====================
PERFORMANCE BREAKDOWN

PROMPT EVALUATION:
token count: 1088
total time in sec(s): 0.06
throughput: 17796.32 t/s
TOKEN GENERATION:
token count: 1016
total time in sec(s): 3.72
throughput: 273.39 t/s
====================
PERFORMANCE BREAKDOWN

PROMPT EVALUATION:
token count: 1088
total time in sec(s): 0.06
throughput: 17785.15 t/s
TOKEN GENERATION:
token count: 1016
total time in sec(s): 3.71
throughput: 274.07 t/s
====================
PERFORMANCE BREAKDOWN

PROMPT EVALUATION:
token count: 1088
total time in sec(s): 0.06
throughput: 17768.18 t/s
TOKEN GENERATION:
token count: 1016
total time in sec(s): 3.71
throughput: 273.75 t/s
====================
PERFORMANCE BREAKDOWN

PROMPT EVALUATION:
token count: 1088
total time in sec(s): 0.06
throughput: 17841.82 t/s
TOKEN GENERATION:
token count: 1016
total time in sec(s): 3.68
throughput: 275.77 t/s
====================
PERFORMANCE BREAKDOWN

PROMPT EVALUATION:
token count: 1088
total time in sec(s): 0.06
throughput: 17749.59 t/s
TOKEN GENERATION:
token count: 1016
total time in sec(s): 3.71
throughput: 274.12 t/s
====================
PERFORMANCE BREAKDOWN

PROMPT EVALUATION:
token count: 1088
total time in sec(s): 0.06
throughput: 17791.95 t/s
TOKEN GENERATION:
token count: 1016
total time in sec(s): 3.72
throughput: 273.17 t/s
====================
PERFORMANCE BREAKDOWN

PROMPT EVALUATION:
token count: 1088
total time in sec(s): 0.06
throughput: 17759.82 t/s
TOKEN GENERATION:
token count: 1016
total time in sec(s): 3.71
throughput: 274.03 t/s
====================
PERFORMANCE BREAKDOWN

PROMPT EVALUATION:
token count: 1088
total time in sec(s): 0.06
throughput: 17699.41 t/s
TOKEN GENERATION:
token count: 1016
total time in sec(s): 3.70
throughput: 274.33 t/s
====================
PERFORMANCE BREAKDOWN

PROMPT EVALUATION:
token count: 1088
total time in sec(s): 0.06
throughput: 17836.38 t/s
TOKEN GENERATION:
token count: 1016
total time in sec(s): 3.71
throughput: 274.15 t/s
====================
PERFORMANCE BREAKDOWN

PROMPT EVALUATION:
token count: 1088
total time in sec(s): 0.06
throughput: 17672.20 t/s
TOKEN GENERATION:
token count: 1016
total time in sec(s): 3.69
throughput: 275.00 t/s
====================
PERFORMANCE BREAKDOWN

PROMPT EVALUATION:
token count: 1088
total time in sec(s): 0.06
throughput: 17824.96 t/s
TOKEN GENERATION:
token count: 1016
total time in sec(s): 3.72
throughput: 273.18 t/s
====================
PERFORMANCE BREAKDOWN

PROMPT EVALUATION:
token count: 1088
total time in sec(s): 0.06
throughput: 17774.21 t/s
TOKEN GENERATION:
token count: 1016
total time in sec(s): 3.71
throughput: 273.84 t/s
====================
PERFORMANCE BREAKDOWN

PROMPT EVALUATION:
token count: 1088
total time in sec(s): 0.06
throughput: 17743.87 t/s
TOKEN GENERATION:
token count: 1016
total time in sec(s): 3.70
throughput: 274.84 t/s
====================
PERFORMANCE BREAKDOWN

PROMPT EVALUATION:
token count: 1088
total time in sec(s): 0.06
throughput: 17808.75 t/s
TOKEN GENERATION:
token count: 1016
total time in sec(s): 3.72
throughput: 272.95 t/s
====================
PERFORMANCE BREAKDOWN

PROMPT EVALUATION:
token count: 1088
total time in sec(s): 0.06
throughput: 17837.43 t/s
TOKEN GENERATION:
token count: 1016
total time in sec(s): 3.69
throughput: 275.17 t/s
====================
PERFORMANCE BREAKDOWN

PROMPT EVALUATION:
token count: 1088
total time in sec(s): 0.06
throughput: 17789.93 t/s
TOKEN GENERATION:
token count: 1016
total time in sec(s): 3.71
throughput: 273.81 t/s
====================
PERFORMANCE BREAKDOWN

PROMPT EVALUATION:
token count: 1088
total time in sec(s): 0.06
throughput: 17844.40 t/s
TOKEN GENERATION:
token count: 1016
total time in sec(s): 3.72
throughput: 273.03 t/s
====================
PERFORMANCE BREAKDOWN

PROMPT EVALUATION:
token count: 1088
total time in sec(s): 0.06
throughput: 17759.20 t/s
TOKEN GENERATION:
token count: 1016
total time in sec(s): 3.72
throughput: 273.15 t/s
====================
PERFORMANCE BREAKDOWN

PROMPT EVALUATION:
token count: 1088
total time in sec(s): 0.06
throughput: 17633.41 t/s
TOKEN GENERATION:
token count: 1016
total time in sec(s): 3.73
throughput: 272.69 t/s
====================
PERFORMANCE BREAKDOWN

PROMPT EVALUATION:
token count: 1088
total time in sec(s): 0.06
throughput: 17690.21 t/s
TOKEN GENERATION:
token count: 1016
total time in sec(s): 3.71
throughput: 274.16 t/s
====================
PERFORMANCE BREAKDOWN

PROMPT EVALUATION:
token count: 1088
total time in sec(s): 0.06
throughput: 17855.16 t/s
TOKEN GENERATION:
token count: 1016
total time in sec(s): 3.71
throughput: 274.12 t/s
====================
PERFORMANCE BREAKDOWN

PROMPT EVALUATION:
token count: 1088
total time in sec(s): 0.06
throughput: 17895.00 t/s
TOKEN GENERATION:
token count: 1016
total time in sec(s): 3.69
throughput: 275.52 t/s
====================
PERFORMANCE BREAKDOWN

PROMPT EVALUATION:
token count: 1088
total time in sec(s): 0.06
throughput: 17761.96 t/s
TOKEN GENERATION:
token count: 1016
total time in sec(s): 3.71
throughput: 274.08 t/s
====================
PERFORMANCE BREAKDOWN

PROMPT EVALUATION:
token count: 1088
total time in sec(s): 0.06
throughput: 17653.67 t/s
TOKEN GENERATION:
token count: 1016
total time in sec(s): 3.72
throughput: 273.02 t/s
====================
PERFORMANCE BREAKDOWN

PROMPT EVALUATION:
token count: 1088
total time in sec(s): 0.06
throughput: 17785.29 t/s
TOKEN GENERATION:
token count: 1016
total time in sec(s): 3.73
throughput: 272.49 t/s
====================
RUN STATISTICS
avg prefill throughput: 17774.77 t/s
avg decode throughput: 273.85 t/s
[rank0]:[W605 14:55:19.643772317 ProcessGroupNCCL.cpp:1250] Warning: WARNING: process group has NOT been destroyed before we destruct ProcessGroupNCCL. On normal program exit, the application should call destroy_process_group to ensure that any pending NCCL operations have finished in this process. In rare cases this process can exit before this point and block the progress of another member of the process group. This constraint has always been present,  but this warning has only been added since PyTorch 2.4 (function operator())
N_PROMPTS: 512, BATCH_SIZE: 16
[rank1]:[W605 14:55:38.064337743 CUDAGraph.cpp:137] Warning: Waiting for pending NCCL work to finish before starting graph capture. (function operator())
[rank0]:[W605 14:55:38.077106668 CUDAGraph.cpp:137] Warning: Waiting for pending NCCL work to finish before starting graph capture. (function operator())
====================
PERFORMANCE BREAKDOWN

PROMPT EVALUATION:
token count: 2176
total time in sec(s): 0.11
throughput: 19798.01 t/s
TOKEN GENERATION:
token count: 2032
total time in sec(s): 4.14
throughput: 490.52 t/s
====================
PERFORMANCE BREAKDOWN

PROMPT EVALUATION:
token count: 2176
total time in sec(s): 0.11
throughput: 19580.76 t/s
TOKEN GENERATION:
token count: 2032
total time in sec(s): 4.15
throughput: 489.51 t/s
====================
PERFORMANCE BREAKDOWN

PROMPT EVALUATION:
token count: 2176
total time in sec(s): 0.11
throughput: 19583.15 t/s
TOKEN GENERATION:
token count: 2032
total time in sec(s): 4.15
throughput: 489.66 t/s
====================
PERFORMANCE BREAKDOWN

PROMPT EVALUATION:
token count: 2176
total time in sec(s): 0.11
throughput: 19700.75 t/s
TOKEN GENERATION:
token count: 2032
total time in sec(s): 4.14
throughput: 490.89 t/s
====================
PERFORMANCE BREAKDOWN

PROMPT EVALUATION:
token count: 2176
total time in sec(s): 0.11
throughput: 19997.86 t/s
TOKEN GENERATION:
token count: 2032
total time in sec(s): 4.15
throughput: 490.04 t/s
====================
PERFORMANCE BREAKDOWN

PROMPT EVALUATION:
token count: 2176
total time in sec(s): 0.11
throughput: 19586.55 t/s
TOKEN GENERATION:
token count: 2032
total time in sec(s): 4.14
throughput: 490.86 t/s
====================
PERFORMANCE BREAKDOWN

PROMPT EVALUATION:
token count: 2176
total time in sec(s): 0.11
throughput: 19737.65 t/s
TOKEN GENERATION:
token count: 2032
total time in sec(s): 4.13
throughput: 492.14 t/s
====================
PERFORMANCE BREAKDOWN

PROMPT EVALUATION:
token count: 2176
total time in sec(s): 0.11
throughput: 19797.03 t/s
TOKEN GENERATION:
token count: 2032
total time in sec(s): 4.14
throughput: 490.74 t/s
====================
PERFORMANCE BREAKDOWN

PROMPT EVALUATION:
token count: 2176
total time in sec(s): 0.11
throughput: 19630.11 t/s
TOKEN GENERATION:
token count: 2032
total time in sec(s): 4.14
throughput: 490.76 t/s
====================
PERFORMANCE BREAKDOWN

PROMPT EVALUATION:
token count: 2176
total time in sec(s): 0.11
throughput: 19954.32 t/s
TOKEN GENERATION:
token count: 2032
total time in sec(s): 4.14
throughput: 490.64 t/s
====================
PERFORMANCE BREAKDOWN

PROMPT EVALUATION:
token count: 2176
total time in sec(s): 0.11
throughput: 19792.30 t/s
TOKEN GENERATION:
token count: 2032
total time in sec(s): 4.14
throughput: 490.67 t/s
====================
PERFORMANCE BREAKDOWN

PROMPT EVALUATION:
token count: 2176
total time in sec(s): 0.11
throughput: 19604.65 t/s
TOKEN GENERATION:
token count: 2032
total time in sec(s): 4.15
throughput: 490.10 t/s
====================
PERFORMANCE BREAKDOWN

PROMPT EVALUATION:
token count: 2176
total time in sec(s): 0.11
throughput: 19905.10 t/s
TOKEN GENERATION:
token count: 2032
total time in sec(s): 4.14
throughput: 490.86 t/s
====================
PERFORMANCE BREAKDOWN

PROMPT EVALUATION:
token count: 2176
total time in sec(s): 0.11
throughput: 19756.36 t/s
TOKEN GENERATION:
token count: 2032
total time in sec(s): 4.14
throughput: 491.21 t/s
====================
PERFORMANCE BREAKDOWN

PROMPT EVALUATION:
token count: 2176
total time in sec(s): 0.11
throughput: 19730.18 t/s
TOKEN GENERATION:
token count: 2032
total time in sec(s): 4.14
throughput: 490.94 t/s
====================
PERFORMANCE BREAKDOWN

PROMPT EVALUATION:
token count: 2176
total time in sec(s): 0.11
throughput: 19860.40 t/s
TOKEN GENERATION:
token count: 2032
total time in sec(s): 4.14
throughput: 490.38 t/s
====================
PERFORMANCE BREAKDOWN

PROMPT EVALUATION:
token count: 2176
total time in sec(s): 0.11
throughput: 19443.39 t/s
TOKEN GENERATION:
token count: 2032
total time in sec(s): 4.14
throughput: 491.32 t/s
====================
PERFORMANCE BREAKDOWN

PROMPT EVALUATION:
token count: 2176
total time in sec(s): 0.11
throughput: 19690.55 t/s
TOKEN GENERATION:
token count: 2032
total time in sec(s): 4.14
throughput: 490.90 t/s
====================
PERFORMANCE BREAKDOWN

PROMPT EVALUATION:
token count: 2176
total time in sec(s): 0.11
throughput: 19761.41 t/s
TOKEN GENERATION:
token count: 2032
total time in sec(s): 4.14
throughput: 490.63 t/s
====================
PERFORMANCE BREAKDOWN

PROMPT EVALUATION:
token count: 2176
total time in sec(s): 0.11
throughput: 19814.73 t/s
TOKEN GENERATION:
token count: 2032
total time in sec(s): 4.14
throughput: 490.89 t/s
====================
PERFORMANCE BREAKDOWN

PROMPT EVALUATION:
token count: 2176
total time in sec(s): 0.11
throughput: 19773.74 t/s
TOKEN GENERATION:
token count: 2032
total time in sec(s): 4.14
throughput: 490.72 t/s
====================
PERFORMANCE BREAKDOWN

PROMPT EVALUATION:
token count: 2176
total time in sec(s): 0.11
throughput: 19830.71 t/s
TOKEN GENERATION:
token count: 2032
total time in sec(s): 4.15
throughput: 490.19 t/s
====================
PERFORMANCE BREAKDOWN

PROMPT EVALUATION:
token count: 2176
total time in sec(s): 0.11
throughput: 19960.82 t/s
TOKEN GENERATION:
token count: 2032
total time in sec(s): 4.14
throughput: 491.33 t/s
====================
PERFORMANCE BREAKDOWN

PROMPT EVALUATION:
token count: 2176
total time in sec(s): 0.11
throughput: 19880.95 t/s
TOKEN GENERATION:
token count: 2032
total time in sec(s): 4.15
throughput: 489.72 t/s
====================
PERFORMANCE BREAKDOWN

PROMPT EVALUATION:
token count: 2176
total time in sec(s): 0.11
throughput: 19795.74 t/s
TOKEN GENERATION:
token count: 2032
total time in sec(s): 4.14
throughput: 490.44 t/s
====================
PERFORMANCE BREAKDOWN

PROMPT EVALUATION:
token count: 2176
total time in sec(s): 0.11
throughput: 19690.80 t/s
TOKEN GENERATION:
token count: 2032
total time in sec(s): 4.14
throughput: 491.14 t/s
====================
PERFORMANCE BREAKDOWN

PROMPT EVALUATION:
token count: 2176
total time in sec(s): 0.11
throughput: 19913.09 t/s
TOKEN GENERATION:
token count: 2032
total time in sec(s): 4.14
throughput: 490.24 t/s
====================
PERFORMANCE BREAKDOWN

PROMPT EVALUATION:
token count: 2176
total time in sec(s): 0.11
throughput: 19790.85 t/s
TOKEN GENERATION:
token count: 2032
total time in sec(s): 4.03
throughput: 504.83 t/s
====================
PERFORMANCE BREAKDOWN

PROMPT EVALUATION:
token count: 2176
total time in sec(s): 0.11
throughput: 19753.45 t/s
TOKEN GENERATION:
token count: 2032
total time in sec(s): 4.14
throughput: 490.35 t/s
====================
PERFORMANCE BREAKDOWN

PROMPT EVALUATION:
token count: 2176
total time in sec(s): 0.11
throughput: 19912.57 t/s
TOKEN GENERATION:
token count: 2032
total time in sec(s): 4.14
throughput: 490.80 t/s
====================
PERFORMANCE BREAKDOWN

PROMPT EVALUATION:
token count: 2176
total time in sec(s): 0.11
throughput: 19412.66 t/s
TOKEN GENERATION:
token count: 2032
total time in sec(s): 4.14
throughput: 490.62 t/s
====================
PERFORMANCE BREAKDOWN

PROMPT EVALUATION:
token count: 2176
total time in sec(s): 0.11
throughput: 19737.60 t/s
TOKEN GENERATION:
token count: 2032
total time in sec(s): 4.14
throughput: 490.68 t/s
====================
RUN STATISTICS
avg prefill throughput: 19754.20 t/s
avg decode throughput: 491.10 t/s
[rank0]:[W605 15:01:59.423376764 ProcessGroupNCCL.cpp:1250] Warning: WARNING: process group has NOT been destroyed before we destruct ProcessGroupNCCL. On normal program exit, the application should call destroy_process_group to ensure that any pending NCCL operations have finished in this process. In rare cases this process can exit before this point and block the progress of another member of the process group. This constraint has always been present,  but this warning has only been added since PyTorch 2.4 (function operator())
N_PROMPTS: 1024, BATCH_SIZE: 32
[rank1]:[W605 15:02:17.593540872 CUDAGraph.cpp:137] Warning: Waiting for pending NCCL work to finish before starting graph capture. (function operator())
[rank0]:[W605 15:02:17.611888714 CUDAGraph.cpp:137] Warning: Waiting for pending NCCL work to finish before starting graph capture. (function operator())
====================
PERFORMANCE BREAKDOWN

PROMPT EVALUATION:
token count: 4352
total time in sec(s): 0.17
throughput: 25389.51 t/s
TOKEN GENERATION:
token count: 4064
total time in sec(s): 4.50
throughput: 902.71 t/s
====================
PERFORMANCE BREAKDOWN

PROMPT EVALUATION:
token count: 4352
total time in sec(s): 0.17
throughput: 25613.57 t/s
TOKEN GENERATION:
token count: 4064
total time in sec(s): 4.47
throughput: 908.57 t/s
====================
PERFORMANCE BREAKDOWN

PROMPT EVALUATION:
token count: 4352
total time in sec(s): 0.17
throughput: 25582.01 t/s
TOKEN GENERATION:
token count: 4064
total time in sec(s): 4.48
throughput: 907.32 t/s
====================
PERFORMANCE BREAKDOWN

PROMPT EVALUATION:
token count: 4352
total time in sec(s): 0.17
throughput: 25438.87 t/s
TOKEN GENERATION:
token count: 4064
total time in sec(s): 4.49
throughput: 905.61 t/s
====================
PERFORMANCE BREAKDOWN

PROMPT EVALUATION:
token count: 4352
total time in sec(s): 0.17
throughput: 25476.61 t/s
TOKEN GENERATION:
token count: 4064
total time in sec(s): 4.49
throughput: 905.65 t/s
====================
PERFORMANCE BREAKDOWN

PROMPT EVALUATION:
token count: 4352
total time in sec(s): 0.17
throughput: 25456.11 t/s
TOKEN GENERATION:
token count: 4064
total time in sec(s): 4.49
throughput: 905.65 t/s
====================
PERFORMANCE BREAKDOWN

PROMPT EVALUATION:
token count: 4352
total time in sec(s): 0.17
throughput: 25593.38 t/s
TOKEN GENERATION:
token count: 4064
total time in sec(s): 4.49
throughput: 905.39 t/s
====================
PERFORMANCE BREAKDOWN

PROMPT EVALUATION:
token count: 4352
total time in sec(s): 0.17
throughput: 25605.05 t/s
TOKEN GENERATION:
token count: 4064
total time in sec(s): 4.48
throughput: 907.60 t/s
====================
PERFORMANCE BREAKDOWN

PROMPT EVALUATION:
token count: 4352
total time in sec(s): 0.17
throughput: 25540.28 t/s
TOKEN GENERATION:
token count: 4064
total time in sec(s): 4.48
throughput: 907.91 t/s
====================
PERFORMANCE BREAKDOWN

PROMPT EVALUATION:
token count: 4352
total time in sec(s): 0.17
throughput: 25521.42 t/s
TOKEN GENERATION:
token count: 4064
total time in sec(s): 4.47
throughput: 909.17 t/s
====================
PERFORMANCE BREAKDOWN

PROMPT EVALUATION:
token count: 4352
total time in sec(s): 0.17
throughput: 25600.10 t/s
TOKEN GENERATION:
token count: 4064
total time in sec(s): 4.48
throughput: 908.01 t/s
====================
PERFORMANCE BREAKDOWN

PROMPT EVALUATION:
token count: 4352
total time in sec(s): 0.17
throughput: 25681.78 t/s
TOKEN GENERATION:
token count: 4064
total time in sec(s): 4.48
throughput: 907.93 t/s
====================
PERFORMANCE BREAKDOWN

PROMPT EVALUATION:
token count: 4352
total time in sec(s): 0.17
throughput: 25683.41 t/s
TOKEN GENERATION:
token count: 4064
total time in sec(s): 4.47
throughput: 908.22 t/s
====================
PERFORMANCE BREAKDOWN

PROMPT EVALUATION:
token count: 4352
total time in sec(s): 0.17
throughput: 25536.63 t/s
TOKEN GENERATION:
token count: 4064
total time in sec(s): 4.47
throughput: 909.31 t/s
====================
PERFORMANCE BREAKDOWN

PROMPT EVALUATION:
token count: 4352
total time in sec(s): 0.17
throughput: 25583.66 t/s
TOKEN GENERATION:
token count: 4064
total time in sec(s): 4.49
throughput: 905.87 t/s
====================
PERFORMANCE BREAKDOWN

PROMPT EVALUATION:
token count: 4352
total time in sec(s): 0.17
throughput: 25475.37 t/s
TOKEN GENERATION:
token count: 4064
total time in sec(s): 4.49
throughput: 905.94 t/s
====================
PERFORMANCE BREAKDOWN

PROMPT EVALUATION:
token count: 4352
total time in sec(s): 0.17
throughput: 25628.02 t/s
TOKEN GENERATION:
token count: 4064
total time in sec(s): 4.49
throughput: 905.81 t/s
====================
PERFORMANCE BREAKDOWN

PROMPT EVALUATION:
token count: 4352
total time in sec(s): 0.17
throughput: 25617.63 t/s
TOKEN GENERATION:
token count: 4064
total time in sec(s): 4.48
throughput: 906.22 t/s
====================
PERFORMANCE BREAKDOWN

PROMPT EVALUATION:
token count: 4352
total time in sec(s): 0.17
throughput: 25582.41 t/s
TOKEN GENERATION:
token count: 4064
total time in sec(s): 4.49
throughput: 904.19 t/s
====================
PERFORMANCE BREAKDOWN

PROMPT EVALUATION:
token count: 4352
total time in sec(s): 0.17
throughput: 25473.06 t/s
TOKEN GENERATION:
token count: 4064
total time in sec(s): 4.49
throughput: 905.96 t/s
====================
PERFORMANCE BREAKDOWN

PROMPT EVALUATION:
token count: 4352
total time in sec(s): 0.17
throughput: 25503.91 t/s
TOKEN GENERATION:
token count: 4064
total time in sec(s): 4.48
throughput: 906.28 t/s
====================
PERFORMANCE BREAKDOWN

PROMPT EVALUATION:
token count: 4352
total time in sec(s): 0.17
throughput: 25638.07 t/s
TOKEN GENERATION:
token count: 4064
total time in sec(s): 4.48
throughput: 906.27 t/s
====================
PERFORMANCE BREAKDOWN

PROMPT EVALUATION:
token count: 4352
total time in sec(s): 0.17
throughput: 25478.07 t/s
TOKEN GENERATION:
token count: 4064
total time in sec(s): 4.50
throughput: 903.73 t/s
====================
PERFORMANCE BREAKDOWN

PROMPT EVALUATION:
token count: 4352
total time in sec(s): 0.17
throughput: 25691.07 t/s
TOKEN GENERATION:
token count: 4064
total time in sec(s): 4.49
throughput: 904.60 t/s
====================
PERFORMANCE BREAKDOWN

PROMPT EVALUATION:
token count: 4352
total time in sec(s): 0.17
throughput: 25583.88 t/s
TOKEN GENERATION:
token count: 4064
total time in sec(s): 4.49
throughput: 905.59 t/s
====================
PERFORMANCE BREAKDOWN

PROMPT EVALUATION:
token count: 4352
total time in sec(s): 0.17
throughput: 25469.97 t/s
TOKEN GENERATION:
token count: 4064
total time in sec(s): 4.49
throughput: 905.43 t/s
====================
PERFORMANCE BREAKDOWN

PROMPT EVALUATION:
token count: 4352
total time in sec(s): 0.17
throughput: 25544.89 t/s
TOKEN GENERATION:
token count: 4064
total time in sec(s): 4.49
throughput: 905.91 t/s
====================
PERFORMANCE BREAKDOWN

PROMPT EVALUATION:
token count: 4352
total time in sec(s): 0.17
throughput: 25631.51 t/s
TOKEN GENERATION:
token count: 4064
total time in sec(s): 4.48
throughput: 906.41 t/s
====================
PERFORMANCE BREAKDOWN

PROMPT EVALUATION:
token count: 4352
total time in sec(s): 0.17
throughput: 25443.87 t/s
TOKEN GENERATION:
token count: 4064
total time in sec(s): 4.49
throughput: 906.03 t/s
====================
PERFORMANCE BREAKDOWN

PROMPT EVALUATION:
token count: 4352
total time in sec(s): 0.17
throughput: 25492.02 t/s
TOKEN GENERATION:
token count: 4064
total time in sec(s): 4.49
throughput: 905.83 t/s
====================
PERFORMANCE BREAKDOWN

PROMPT EVALUATION:
token count: 4352
total time in sec(s): 0.17
throughput: 25597.91 t/s
TOKEN GENERATION:
token count: 4064
total time in sec(s): 4.49
throughput: 906.06 t/s
====================
PERFORMANCE BREAKDOWN

PROMPT EVALUATION:
token count: 4352
total time in sec(s): 0.17
throughput: 25535.13 t/s
TOKEN GENERATION:
token count: 4064
total time in sec(s): 4.50
throughput: 903.37 t/s
====================
RUN STATISTICS
avg prefill throughput: 25558.05 t/s
avg decode throughput: 906.32 t/s
[rank0]:[W605 15:09:40.003871029 ProcessGroupNCCL.cpp:1250] Warning: WARNING: process group has NOT been destroyed before we destruct ProcessGroupNCCL. On normal program exit, the application should call destroy_process_group to ensure that any pending NCCL operations have finished in this process. In rare cases this process can exit before this point and block the progress of another member of the process group. This constraint has always been present,  but this warning has only been added since PyTorch 2.4 (function operator())
